
> arq-backend@0.1.0 build
> nest build

node.exe : [96msrc/auth/auth.module.ts[0m:[93m21[0m:[93m7[0m - [91merror[0m[90m TS2322: [0mType '(configServi
ce: ConfigService) => Promise<{ secret: string; signOptions: { expiresIn: string; }; }>' is not assignable to type '(..
.args: any[]) => JwtModuleOptions | Promise<JwtModuleOptions>'.
строка:1 знак:1
+ & "C:\Program Files\nodejs/node.exe" "C:\Users\cneg2\AppData\Roaming\ ...
+ ~~~~~~~~~~~~~~~~~~~~~~~~~~~~~~~~~~~~~~~~~~~~~~~~~~~~~~~~~~~~~~~~~~~~~
    + CategoryInfo          : NotSpecified: ([96msrc/auth/a...oduleOptions>'.:String) [], RemoteException
    + FullyQualifiedErrorId : NativeCommandError
 
  Type 'Promise<{ secret: string; signOptions: { expiresIn: string; }; }>' is not assignable to type 'JwtModuleOptions 
| Promise<JwtModuleOptions>'.
    Type 'Promise<{ secret: string; signOptions: { expiresIn: string; }; }>' is not assignable to type 'Promise<JwtModu
leOptions>'.
      Type '{ secret: string; signOptions: { expiresIn: string; }; }' is not assignable to type 'JwtModuleOptions'.
        The types of 'signOptions.expiresIn' are incompatible between these types.
          Type 'string' is not assignable to type 'number | StringValue | undefined'.

[7m21[0m       useFactory: async (configService: ConfigService) => ({
[7m  [0m [91m      ~~~~~~~~~~[0m

  [96mnode_modules/@nestjs/jwt/dist/interfaces/jwt-module-options.interface.d.ts[0m:[93m24[0m:[93m5[0m
    [7m24[0m     useFactory?: (...args: any[]) => Promise<JwtModuleOptions> | JwtModuleOptions;
    [7m  [0m [96m    ~~~~~~~~~~[0m
    The expected type comes from property 'useFactory' which is declared here on type 'JwtModuleAsyncOptions'
[96msrc/auth/controllers/auth.controller.ts[0m:[93m35[0m:[93m15[0m - [91merror[0m[90m TS7006: [0mParameter 'r
eq' implicitly has an 'any' type.

[7m35[0m   async login(@Request() req): Promise<AuthResult> {    return this.authService.login(req.user);
[7m  [0m [91m              ~~~~~~~~~~~~~~[0m
[96msrc/auth/controllers/auth.controller.ts[0m:[93m40[0m:[93m20[0m - [91merror[0m[90m TS7006: [0mParameter 'r
eq' implicitly has an 'any' type.

[7m40[0m   async getProfile(@Request() req) {
[7m  [0m [91m                   ~~~~~~~~~~~~~~[0m
[96msrc/auth/services/auth.service.ts[0m:[93m59[0m:[93m44[0m - [91merror[0m[90m TS2769: [0mNo overload matche
s this call.
  Overload 1 of 3, '(entityLikeArray: DeepPartial<User>[]): User[]', gave the following error.
    Object literal may only specify known properties, and 'email' does not exist in type 'DeepPartial<User>[]'.
  Overload 2 of 3, '(entityLike: DeepPartial<User>): User', gave the following error.
    Object literal may only specify known properties, and 'password' does not exist in type 'DeepPartial<User>'.

[7m59[0m     const user = await this.userRepository.create({
[7m  [0m [91m                                           ~~~~~~[0m

[96msrc/auth/services/auth.service.ts[0m:[93m84[0m:[93m65[0m - [91merror[0m[90m TS2339: [0mProperty 'password
' does not exist on type 'User'.

[7m84[0m     const isPasswordValid = await bcrypt.compare(password, user.password);
[7m  [0m [91m                                                                ~~~~~~~~[0m
[96msrc/auth/services/auth.service.ts[0m:[93m106[0m:[93m65[0m - [91merror[0m[90m TS2339: [0mProperty 'passwor
d' does not exist on type 'User'.

[7m106[0m     const isPasswordValid = await bcrypt.compare(password, user.password);
[7m   [0m [91m                                                                ~~~~~~~~[0m
[96msrc/auth/services/auth.service.ts[0m:[93m113[0m:[93m32[0m - [91merror[0m[90m TS2551: [0mProperty 'findByI
d' does not exist on type 'UserRepository'. Did you mean 'findByIds'?

[7m113[0m     return this.userRepository.findById(payload.sub);
[7m   [0m [91m                               ~~~~~~~~[0m

  [96mnode_modules/typeorm/repository/Repository.d.ts[0m:[93m284[0m:[93m5[0m
    [7m284[0m     findByIds(ids: any[]): Promise<Entity[]>;
    [7m   [0m [96m    ~~~~~~~~~[0m
    'findByIds' is declared here.
[96msrc/auth/services/auth.service.ts[0m:[93m138[0m:[93m13[0m - [91merror[0m[90m TS2339: [0mProperty 'passwor
d' does not exist on type 'User'.

[7m138[0m     const { password, ...sanitized } = user;
[7m   [0m [91m            ~~~~~~~~[0m
[96msrc/common/controllers/browser.controller.ts[0m:[93m2[0m:[93m32[0m - [91merror[0m[90m TS2307: [0mCannot f
ind module '../services/browser.service' or its corresponding type declarations.

[7m2[0m import { BrowserService } from '../services/browser.service';
[7m [0m [91m                               ~~~~~~~~~~~~~~~~~~~~~~~~~~~~~[0m
[96msrc/common/controllers/browser.controller.ts[0m:[93m3[0m:[93m28[0m - [91merror[0m[90m TS2307: [0mCannot f
ind module '../services/tab.service' or its corresponding type declarations.

[7m3[0m import { TabService } from '../services/tab.service';
[7m [0m [91m                           ~~~~~~~~~~~~~~~~~~~~~~~~~[0m
[96msrc/common/controllers/browser.controller.ts[0m:[93m4[0m:[93m35[0m - [91merror[0m[90m TS2307: [0mCannot f
ind module '../services/navigation.service' or its corresponding type declarations.

[7m4[0m import { NavigationService } from '../services/navigation.service';
[7m [0m [91m                                  ~~~~~~~~~~~~~~~~~~~~~~~~~~~~~~~~[0m
[96msrc/common/controllers/browser.controller.ts[0m:[93m7[0m:[93m65[0m - [91merror[0m[90m TS2307: [0mCannot f
ind module '../dto' or its corresponding type declarations.

[7m7[0m import { BrowserActionDto, NavigateDto, ExecuteScriptDto } from '../dto';
[7m [0m [91m                                                                ~~~~~~~~[0m
[96msrc/common/services/cache.service.ts[0m:[93m25[0m:[93m19[0m - [91merror[0m[90m TS2345: [0mArgument of typ
e 'Timer' is not assignable to parameter of type 'string | number | Timeout | undefined'.
  Type 'Timer' is missing the following properties from type 'Timeout': close, _onTimeout, [Symbol.dispose]

[7m25[0m     clearInterval(this.cleanupInterval);
[7m  [0m [91m                  ~~~~~~~~~~~~~~~~~~~~[0m
[96msrc/common/services/event-emitter.service.ts[0m:[93m98[0m:[93m5[0m - [91merror[0m[90m TS2322: [0mType '(s
tring | symbol | event[])[]' is not assignable to type '(string | symbol)[]'.
  Type 'string | symbol | event[]' is not assignable to type 'string | symbol'.
    Type 'event[]' is not assignable to type 'string | symbol'.

[7m98[0m     return this.emitter.eventNames();
[7m  [0m [91m    ~~~~~~[0m
[96msrc/common/services/event-emitter.service.ts[0m:[93m131[0m:[93m5[0m - [91merror[0m[90m TS2322: [0mType 'B
oolean' is not assignable to type 'boolean'.
  'boolean' is a primitive, but 'Boolean' is a wrapper object. Prefer using 'boolean' when possible.

[7m131[0m     return this.emitter.hasListeners(eventName);
[7m   [0m [91m    ~~~~~~[0m
[96msrc/common/services/logger.service.ts[0m:[93m105[0m:[93m7[0m - [91merror[0m[90m TS2322: [0mType 'string |
 undefined' is not assignable to type 'string'.
  Type 'undefined' is not assignable to type 'string'.

[7m105[0m       context: context || this.context,
[7m   [0m [91m      ~~~~~~~[0m

  [96msrc/common/services/logger.service.ts[0m:[93m9[0m:[93m3[0m
    [7m9[0m   context: string;
    [7m [0m [96m  ~~~~~~~[0m
    The expected type comes from property 'context' which is declared here on type 'LogEntry'
[96msrc/common/services/logger.service.ts[0m:[93m119[0m:[93m7[0m - [91merror[0m[90m TS2322: [0mType 'string |
 undefined' is not assignable to type 'string'.
  Type 'undefined' is not assignable to type 'string'.

[7m119[0m       context: context || this.context,
[7m   [0m [91m      ~~~~~~~[0m

  [96msrc/common/services/logger.service.ts[0m:[93m9[0m:[93m3[0m
    [7m9[0m   context: string;
    [7m [0m [96m  ~~~~~~~[0m
    The expected type comes from property 'context' which is declared here on type 'LogEntry'
[96msrc/common/services/logger.service.ts[0m:[93m134[0m:[93m7[0m - [91merror[0m[90m TS2322: [0mType 'string |
 undefined' is not assignable to type 'string'.
  Type 'undefined' is not assignable to type 'string'.

[7m134[0m       context: context || this.context,
[7m   [0m [91m      ~~~~~~~[0m

  [96msrc/common/services/logger.service.ts[0m:[93m9[0m:[93m3[0m
    [7m9[0m   context: string;
    [7m [0m [96m  ~~~~~~~[0m
    The expected type comes from property 'context' which is declared here on type 'LogEntry'
[96msrc/common/services/logger.service.ts[0m:[93m148[0m:[93m7[0m - [91merror[0m[90m TS2322: [0mType 'string |
 undefined' is not assignable to type 'string'.
  Type 'undefined' is not assignable to type 'string'.

[7m148[0m       context: context || this.context,
[7m   [0m [91m      ~~~~~~~[0m

  [96msrc/common/services/logger.service.ts[0m:[93m9[0m:[93m3[0m
    [7m9[0m   context: string;
    [7m [0m [96m  ~~~~~~~[0m
    The expected type comes from property 'context' which is declared here on type 'LogEntry'
[96msrc/common/services/logger.service.ts[0m:[93m162[0m:[93m7[0m - [91merror[0m[90m TS2322: [0mType 'string |
 undefined' is not assignable to type 'string'.
  Type 'undefined' is not assignable to type 'string'.

[7m162[0m       context: context || this.context,
[7m   [0m [91m      ~~~~~~~[0m

  [96msrc/common/services/logger.service.ts[0m:[93m9[0m:[93m3[0m
    [7m9[0m   context: string;
    [7m [0m [96m  ~~~~~~~[0m
    The expected type comes from property 'context' which is declared here on type 'LogEntry'
[96msrc/common/services/logger.service.ts[0m:[93m176[0m:[93m7[0m - [91merror[0m[90m TS2322: [0mType 'string |
 undefined' is not assignable to type 'string'.
  Type 'undefined' is not assignable to type 'string'.

[7m176[0m       context: context || this.context,
[7m   [0m [91m      ~~~~~~~[0m

  [96msrc/common/services/logger.service.ts[0m:[93m9[0m:[93m3[0m
    [7m9[0m   context: string;
    [7m [0m [96m  ~~~~~~~[0m
    The expected type comes from property 'context' which is declared here on type 'LogEntry'
[96msrc/common/services/rate-limit.service.ts[0m:[93m36[0m:[93m19[0m - [91merror[0m[90m TS2345: [0mArgument o
f type 'Timer' is not assignable to parameter of type 'string | number | Timeout | undefined'.
  Type 'Timer' is missing the following properties from type 'Timeout': close, _onTimeout, [Symbol.dispose]

[7m36[0m     clearInterval(this.cleanupInterval);
[7m  [0m [91m                  ~~~~~~~~~~~~~~~~~~~~[0m
[96msrc/entities/action-log.entity.ts[0m:[93m56[0m:[93m57[0m - [91merror[0m[90m TS2339: [0mProperty 'actions'
 does not exist on type 'BrowserSession'.

[7m56[0m   @ManyToOne(() => BrowserSession, (session) => session.actions, { onDelete: 'CASCADE' })
[7m  [0m [91m                                                        ~~~~~~~[0m
[96msrc/entities/browser-tab.entity.ts[0m:[93m50[0m:[93m57[0m - [91merror[0m[90m TS2339: [0mProperty 'tabs' d
oes not exist on type 'BrowserSession'.

[7m50[0m   @ManyToOne(() => BrowserSession, (session) => session.tabs, { onDelete: 'CASCADE' })
[7m  [0m [91m                                                        ~~~~[0m
[96msrc/entities/refresh-token.entity.ts[0m:[93m46[0m:[93m41[0m - [91merror[0m[90m TS2339: [0mProperty 'refre
shTokens' does not exist on type 'User'.

[7m46[0m   @ManyToOne(() => User, (user) => user.refreshTokens, { onDelete: 'CASCADE' })
[7m  [0m [91m                                        ~~~~~~~~~~~~~[0m
[96msrc/main.ts[0m:[93m5[0m:[93m37[0m - [91merror[0m[90m TS2307: [0mCannot find module './filters/http-except
ion.filter' or its corresponding type declarations.

[7m5[0m import { HttpExceptionFilter } from './filters/http-exception.filter';
[7m [0m [91m                                    ~~~~~~~~~~~~~~~~~~~~~~~~~~~~~~~~~[0m
[96msrc/main.ts[0m:[93m30[0m:[93m11[0m - [91merror[0m[90m TS2349: [0mThis expression is not callable.
  Type 'typeof import("D:/arq-backend/node_modules/helmet/index")' has no call signatures.

[7m30[0m   app.use(helmet());
[7m  [0m [91m          ~~~~~~[0m
[96msrc/modules/common.module.ts[0m:[93m2[0m:[93m31[0m - [91merror[0m[90m TS2307: [0mCannot find module '../s
ervices/common.service' or its corresponding type declarations.

[7m2[0m import { CommonService } from '../services/common.service';
[7m [0m [91m                              ~~~~~~~~~~~~~~~~~~~~~~~~~~~~[0m
[96msrc/repositories/auth.repository.ts[0m:[93m5[0m:[93m27[0m - [91merror[0m[90m TS2307: [0mCannot find modul
e '../entities/auth-token.entity' or its corresponding type declarations.

[7m5[0m import { AuthToken } from '../entities/auth-token.entity';
[7m [0m [91m                          ~~~~~~~~~~~~~~~~~~~~~~~~~~~~~~~[0m
[96msrc/repositories/base.repository.ts[0m:[93m21[0m:[93m57[0m - [91merror[0m[90m TS2344: [0mType 'T' does no
t satisfy the constraint 'ObjectLiteral'.

[7m21[0m   constructor(protected readonly repository: Repository<T>) {}
[7m  [0m [91m                                                        ~[0m

  [96msrc/repositories/base.repository.ts[0m:[93m16[0m:[93m38[0m
    [7m16[0m export abstract class BaseRepository<T> {
    [7m  [0m [96m                                     ~[0m
    This type parameter might need an `extends ObjectLiteral` constraint.
[96msrc/repositories/base.repository.ts[0m:[93m29[0m:[93m43[0m - [91merror[0m[90m TS2769: [0mNo overload matc
hes this call.
  Overload 1 of 3, '(entityLikeArray: DeepPartial<T>[]): T[]', gave the following error.
    Argument of type 'Partial<T>' is not assignable to parameter of type 'DeepPartial<T>[]'.
      Type 'Partial<T>' is missing the following properties from type 'DeepPartial<T>[]': length, pop, push, concat, an
d 29 more.
  Overload 2 of 3, '(entityLike: DeepPartial<T>): T', gave the following error.
    Argument of type 'Partial<T>' is not assignable to parameter of type 'DeepPartial<T>'.
      Type 'Partial<T>' is not assignable to type 'T'.
        'T' could be instantiated with an arbitrary type which could be unrelated to 'Partial<T>'.

[7m29[0m     const entity = this.repository.create(data);
[7m  [0m [91m                                          ~~~~[0m

[96msrc/repositories/base.repository.ts[0m:[93m30[0m:[93m5[0m - [91merror[0m[90m TS2322: [0mType 'T[]' is not
 assignable to type 'T'.
  'T' could be instantiated with an arbitrary type which could be unrelated to 'T[]'.

[7m30[0m     return this.repository.save(entity);
[7m  [0m [91m    ~~~~~~[0m
[96msrc/repositories/base.repository.ts[0m:[93m57[0m:[93m38[0m - [91merror[0m[90m TS2345: [0mArgument of type
 'Partial<T>' is not assignable to parameter of type '_QueryDeepPartialEntity<ObjectLiteral extends T ? unknown : T>'.
  Type 'T[P] | undefined' is not assignable to type '(() => string) | ((ObjectLiteral extends T ? unknown : T)[P] exten
ds (infer U)[] ? _QueryDeepPartialEntity<U>[] : (ObjectLiteral extends T ? unknown : T)[P] extends readonly (infer U)[]
 ? readonly _QueryDeepPartialEntity<...>[] : _QueryDeepPartialEntity<...>) | undefined'.
    Type 'T[P]' is not assignable to type '(() => string) | ((ObjectLiteral extends T ? unknown : T)[P] extends (infer 
U)[] ? _QueryDeepPartialEntity<U>[] : (ObjectLiteral extends T ? unknown : T)[P] extends readonly (infer U)[] ? readonl
y _QueryDeepPartialEntity<...>[] : _QueryDeepPartialEntity<...>) | undefined'.
      Type 'T[keyof (ObjectLiteral extends T ? unknown : T)]' is not assignable to type '(() => string) | ((ObjectLiter
al extends T ? unknown : T)[P] extends (infer U)[] ? _QueryDeepPartialEntity<U>[] : (ObjectLiteral extends T ? unknown 
: T)[P] extends readonly (infer U)[] ? readonly _QueryDeepPartialEntity<...>[] : _QueryDeepPartialEntity<...>) | undefi
ned'.
        Type 'T[string] | T[number] | T[symbol]' is not assignable to type '(() => string) | ((ObjectLiteral extends T 
? unknown : T)[P] extends (infer U)[] ? _QueryDeepPartialEntity<U>[] : (ObjectLiteral extends T ? unknown : T)[P] exten
ds readonly (infer U)[] ? readonly _QueryDeepPartialEntity<...>[] : _QueryDeepPartialEntity<...>) | undefined'.
          Type 'T[string]' is not assignable to type '(() => string) | ((ObjectLiteral extends T ? unknown : T)[P] exte
nds (infer U)[] ? _QueryDeepPartialEntity<U>[] : (ObjectLiteral extends T ? unknown : T)[P] extends readonly (infer U)[
] ? readonly _QueryDeepPartialEntity<...>[] : _QueryDeepPartialEntity<...>) | undefined'.

[7m57[0m     await this.repository.update(id, data);
[7m  [0m [91m                                     ~~~~[0m
[96msrc/repositories/browser.repository.ts[0m:[93m5[0m:[93m25[0m - [91merror[0m[90m TS2307: [0mCannot find mo
dule '../entities/browser.entity' or its corresponding type declarations.

[7m5[0m import { Browser } from '../entities/browser.entity';
[7m [0m [91m                        ~~~~~~~~~~~~~~~~~~~~~~~~~~~~[0m
[96msrc/repositories/session.repository.ts[0m:[93m5[0m:[93m25[0m - [91merror[0m[90m TS2307: [0mCannot find mo
dule '../entities/session.entity' or its corresponding type declarations.

[7m5[0m import { Session } from '../entities/session.entity';
[7m [0m [91m                        ~~~~~~~~~~~~~~~~~~~~~~~~~~~~[0m
[96msrc/services/auth.service.ts[0m:[93m38[0m:[93m56[0m - [91merror[0m[90m TS2551: [0mProperty 'passwordHash'
 does not exist on type 'User'. Did you mean 'password'?

[7m38[0m     if (!user || !(await bcrypt.compare(password, user.passwordHash))) {
[7m  [0m [91m                                                       ~~~~~~~~~~~~[0m

  [96msrc/entities/user.entity.ts[0m:[93m37[0m:[93m3[0m
    [7m37[0m   password: string;
    [7m  [0m [96m  ~~~~~~~~[0m
    'password' is declared here.
[96msrc/services/auth.service.ts[0m:[93m56[0m:[93m38[0m - [91merror[0m[90m TS2769: [0mNo overload matches thi
s call.
  Overload 1 of 3, '(entityLikeArray: DeepPartial<User>[]): User[]', gave the following error.
    Object literal may only specify known properties, and 'email' does not exist in type 'DeepPartial<User>[]'.
  Overload 2 of 3, '(entityLike: DeepPartial<User>): User', gave the following error.
    Object literal may only specify known properties, but 'passwordHash' does not exist in type 'DeepPartial<User>'. Di
d you mean to write 'password'?

[7m56[0m     const user = this.userRepository.create({ email, passwordHash });
[7m  [0m [91m                                     ~~~~~~[0m

[96msrc/services/base.service.ts[0m:[93m50[0m:[93m57[0m - [91merror[0m[90m TS2344: [0mType 'T' does not satis
fy the constraint 'ObjectLiteral'.

[7m50[0m   constructor(protected readonly repository: Repository<T>) {}
[7m  [0m [91m                                                        ~[0m

  [96msrc/services/base.service.ts[0m:[93m44[0m:[93m35[0m
    [7m44[0m export abstract class BaseService<T> {
    [7m  [0m [96m                                  ~[0m
    This type parameter might need an `extends ObjectLiteral` constraint.
[96msrc/services/base.service.ts[0m:[93m60[0m:[93m43[0m - [91merror[0m[90m TS2769: [0mNo overload matches thi
s call.
  Overload 1 of 3, '(entityLikeArray: DeepPartial<T>[]): T[]', gave the following error.
    Argument of type 'Partial<T>' is not assignable to parameter of type 'DeepPartial<T>[]'.
      Type 'Partial<T>' is missing the following properties from type 'DeepPartial<T>[]': length, pop, push, concat, an
d 29 more.
  Overload 2 of 3, '(entityLike: DeepPartial<T>): T', gave the following error.
    Argument of type 'Partial<T>' is not assignable to parameter of type 'DeepPartial<T>'.
      Type 'Partial<T>' is not assignable to type 'T'.
        'T' could be instantiated with an arbitrary type which could be unrelated to 'Partial<T>'.

[7m60[0m     const entity = this.repository.create(data);
[7m  [0m [91m                                          ~~~~[0m

[96msrc/services/base.service.ts[0m:[93m61[0m:[93m5[0m - [91merror[0m[90m TS2322: [0mType 'T[]' is not assign
able to type 'T'.
  'T' could be instantiated with an arbitrary type which could be unrelated to 'T[]'.

[7m61[0m     return this.repository.save(entity);
[7m  [0m [91m    ~~~~~~[0m
[96msrc/services/base.service.ts[0m:[93m115[0m:[93m34[0m - [91merror[0m[90m TS2345: [0mArgument of type 'unkn
own' is not assignable to parameter of type 'string | number | string[] | Date | number[] | ObjectId | Date[] | ObjectI
d[] | FindOptionsWhere<T> | FindOptionsWhere<T>[]'.

[7m115[0m     await this.repository.update(id, data as any);
[7m   [0m [91m                                 ~~[0m
[96msrc/services/base.service.ts[0m:[93m130[0m:[93m35[0m - [91merror[0m[90m TS2345: [0mArgument of type 'unkn
own' is not assignable to parameter of type 'string | number | string[] | Date | number[] | ObjectId | Date[] | ObjectI
d[] | FindOptionsWhere<T> | FindOptionsWhere<T>[]'.
Found 62 error(s).


[7m130[0m     return this.repository.delete(id);
[7m   [0m [91m                                  ~~[0m
[96msrc/services/base.service.ts[0m:[93m197[0m:[93m33[0m - [91merror[0m[90m TS2769: [0mNo overload matches th
is call.
  Overload 1 of 4, '(entities: T[], options?: SaveOptions | undefined): Promise<T[]>', gave the following error.
    Argument of type 'T | T[]' is not assignable to parameter of type 'T[]'.
      Type 'T' is not assignable to type 'T[]'.
  Overload 2 of 4, '(entity: DeepPartial<T>, options?: SaveOptions | undefined): Promise<DeepPartial<T> & T>', gave the
 following error.
    Argument of type 'T | T[]' is not assignable to parameter of type 'DeepPartial<T>'.
      Type 'T[]' is not assignable to type 'DeepPartial<T>'.
        Type 'T[]' is not assignable to type 'T extends (infer U)[] ? DeepPartial<U>[] : T extends Map<infer K, infer V
> ? Map<DeepPartial<K>, DeepPartial<V>> : T extends Set<...> ? Set<...> : T extends object ? { [K in keyof T]?: DeepPar
tial<...> | undefined; } : T'.

[7m197[0m     return this.repository.save(entity);
[7m   [0m [91m                                ~~~~~~[0m

  [96msrc/services/base.service.ts[0m:[93m44[0m:[93m35[0m
    [7m44[0m export abstract class BaseService<T> {
    [7m  [0m [96m                                  ~[0m
    This type parameter might need an `extends T[]` constraint.
[96msrc/services/browser.service.ts[0m:[93m23[0m:[93m44[0m - [91merror[0m[90m TS2769: [0mNo overload matches 
this call.
  Overload 1 of 3, '(entityLikeArray: DeepPartial<BrowserSession>[]): BrowserSession[]', gave the following error.
    Object literal may only specify known properties, and 'userId' does not exist in type 'DeepPartial<BrowserSession>[
]'.
  Overload 2 of 3, '(entityLike: DeepPartial<BrowserSession>): BrowserSession', gave the following error.
    Object literal may only specify known properties, and 'tabCount' does not exist in type 'DeepPartial<BrowserSession
>'.

[7m23[0m     const session = this.sessionRepository.create({
[7m  [0m [91m                                           ~~~~~~[0m

[96msrc/services/browser.service.ts[0m:[93m49[0m:[93m13[0m - [91merror[0m[90m TS2339: [0mProperty 'endedAt' d
oes not exist on type 'BrowserSession'.

[7m49[0m     session.endedAt = new Date();
[7m  [0m [91m            ~~~~~~~[0m
[96msrc/services/browser.service.ts[0m:[93m69[0m:[93m13[0m - [91merror[0m[90m TS2339: [0mProperty 'tabCount' 
does not exist on type 'BrowserSession'.

[7m69[0m     session.tabCount = (session.tabCount || 0) + 1;
[7m  [0m [91m            ~~~~~~~~[0m
[96msrc/services/browser.service.ts[0m:[93m69[0m:[93m33[0m - [91merror[0m[90m TS2339: [0mProperty 'tabCount' 
does not exist on type 'BrowserSession'.

[7m69[0m     session.tabCount = (session.tabCount || 0) + 1;
[7m  [0m [91m                                ~~~~~~~~[0m
[96msrc/services/browser.service.ts[0m:[93m91[0m:[93m5[0m - [91merror[0m[90m TS2322: [0mType 'string' is not 
assignable to type '"error" | "complete" | "loading"'.

[7m91[0m     tab.status = status;
[7m  [0m [91m    ~~~~~~~~~~[0m
[96msrc/services/index.ts[0m:[93m8[0m:[93m28[0m - [91merror[0m[90m TS2305: [0mModule '"./auth.service"' has n
o exported member 'IJwtPayload'.

[7m8[0m export { AuthService, type IJwtPayload, type IAuthResponse } from './auth.service';
[7m [0m [91m                           ~~~~~~~~~~~[0m
[96msrc/services/index.ts[0m:[93m8[0m:[93m46[0m - [91merror[0m[90m TS2305: [0mModule '"./auth.service"' has n
o exported member 'IAuthResponse'.

[7m8[0m export { AuthService, type IJwtPayload, type IAuthResponse } from './auth.service';
[7m [0m [91m                                             ~~~~~~~~~~~~~[0m
[96msrc/services/index.ts[0m:[93m23[0m:[93m3[0m - [91merror[0m[90m TS2304: [0mCannot find name 'AuditService'
.

[7m23[0m   AuditService,
[7m  [0m [91m  ~~~~~~~~~~~~[0m
[96msrc/services/index.ts[0m:[93m24[0m:[93m3[0m - [91merror[0m[90m TS2304: [0mCannot find name 'AuthService'.

[7m24[0m   AuthService,
[7m  [0m [91m  ~~~~~~~~~~~[0m
[96msrc/services/index.ts[0m:[93m25[0m:[93m3[0m - [91merror[0m[90m TS2304: [0mCannot find name 'BrowserServic
e'.

[7m25[0m   BrowserService,
[7m  [0m [91m  ~~~~~~~~~~~~~~[0m
[96msrc/services/index.ts[0m:[93m26[0m:[93m3[0m - [91merror[0m[90m TS2304: [0mCannot find name 'CacheService'
.

[7m26[0m   CacheService,
[7m  [0m [91m  ~~~~~~~~~~~~[0m
[96msrc/services/index.ts[0m:[93m27[0m:[93m3[0m - [91merror[0m[90m TS2304: [0mCannot find name 'EmailService'
.

[7m27[0m   EmailService,
[7m  [0m [91m  ~~~~~~~~~~~~[0m
[96msrc/services/index.ts[0m:[93m28[0m:[93m3[0m - [91merror[0m[90m TS2304: [0mCannot find name 'SessionServic
e'.

[7m28[0m   SessionService,
[7m  [0m [91m  ~~~~~~~~~~~~~~[0m
[96msrc/services/index.ts[0m:[93m29[0m:[93m3[0m - [91merror[0m[90m TS2304: [0mCannot find name 'UserService'.

[7m29[0m   UserService,
[7m  [0m [91m  ~~~~~~~~~~~[0m
[96msrc/services/index.ts[0m:[93m30[0m:[93m3[0m - [91merror[0m[90m TS2304: [0mCannot find name 'BaseService'.

[7m30[0m   BaseService,
[7m  [0m [91m  ~~~~~~~~~~~[0m
[96msrc/users/entities/user.entity.ts[0m:[93m12[0m:[93m30[0m - [91merror[0m[90m TS2307: [0mCannot find module
 '../../conversations/entities/conversation.entity' or its corresponding type declarations.

[7m12[0m import { Conversation } from '../../conversations/entities/conversation.entity';
[7m  [0m [91m                             ~~~~~~~~~~~~~~~~~~~~~~~~~~~~~~~~~~~~~~~~~~~~~~~~~~[0m
[96msrc/users/entities/user.entity.ts[0m:[93m13[0m:[93m31[0m - [91merror[0m[90m TS2307: [0mCannot find module
 '../../memory/entities/memory-context.entity' or its corresponding type declarations.

[7m13[0m import { MemoryContext } from '../../memory/entities/memory-context.entity';
[7m  [0m [91m                              ~~~~~~~~~~~~~~~~~~~~~~~~~~~~~~~~~~~~~~~~~~~~~[0m
[96msrc/users/entities/user.entity.ts[0m:[93m64[0m:[93m52[0m - [91merror[0m[90m TS18046: [0m'conversation' is
 of type 'unknown'.

[7m64[0m   @OneToMany(() => Conversation, (conversation) => conversation.user, {
[7m  [0m [91m                                                   ~~~~~~~~~~~~[0m
[96msrc/users/entities/user.entity.ts[0m:[93m71[0m:[93m47[0m - [91merror[0m[90m TS18046: [0m'memory' is of ty
pe 'unknown'.

[7m71[0m   @OneToMany(() => MemoryContext, (memory) => memory.user, {
[7m  [0m [91m                                              ~~~~~~[0m

